f 777 BundleConfig.pb
f 777 base/apex.pb
f 777 base/apex/arm64-v8a.armeabi-v7a.build_info.pb
f 777 base/apex/arm64-v8a.armeabi-v7a.img
f 777 base/apex/arm64-v8a.build_info.pb
f 777 base/apex/arm64-v8a.img
f 777 base/apex/armeabi-v7a.build_info.pb
f 777 base/apex/armeabi-v7a.img
f 777 base/apex/x86.build_info.pb
f 777 base/apex/x86.img
f 777 base/apex/x86_64.build_info.pb
f 777 base/apex/x86_64.img
f 777 base/apex/x86_64.x86.build_info.pb
f 777 base/apex/x86_64.x86.img
f 777 base/assets.pb
f 777 base/assets/NOTICE.html.gz
f 777 base/manifest/AndroidManifest.xml
f 777 base/root/apex_manifest.pb
