N: android=http://schemas.android.com/apk/res/android (line=2)
  E: manifest (line=2)
    A: http://schemas.android.com/apk/res/android:versionCode(0x0101021b)=1
    A: http://schemas.android.com/apk/res/android:compileSdkVersion(0x01010572)=33
    A: http://schemas.android.com/apk/res/android:compileSdkVersionCodename(0x01010573)="Tiramisu" (Raw: "Tiramisu")
    A: package="build.bazel.examples.apex.minimal" (Raw: "build.bazel.examples.apex.minimal")
    A: platformBuildVersionCode=33
    A: platformBuildVersionName="Tiramisu" (Raw: "Tiramisu")
      E: uses-sdk (line=0)
        A: http://schemas.android.com/apk/res/android:minSdkVersion(0x0101020c)=30
        A: http://schemas.android.com/apk/res/android:targetSdkVersion(0x01010270)=10000
      E: application (line=5)
        A: http://schemas.android.com/apk/res/android:hasCode(0x0101000c)=false
